\BOOKMARK [1][-]{section.1}{\376\377\000I\000n\000t\000r\000o\000d\000u\000c\000t\000i\000o\000n}{}% 1
\BOOKMARK [1][-]{section.2}{\376\377\000R\000e\000l\000a\000t\000e\000d\000\040\000W\000o\000r\000k}{}% 2
\BOOKMARK [2][-]{subsection.2.1}{\376\377\000G\000e\000n\000e\000r\000i\000c\000\040\000a\000n\000d\000\040\000N\000o\000n\000-\000C\000e\000n\000t\000r\000a\000l\000\040\000C\000a\000m\000e\000r\000a\000\040\000C\000a\000l\000i\000b\000r\000a\000t\000i\000o\000n}{section.2}% 3
\BOOKMARK [2][-]{subsection.2.2}{\376\377\000S\000t\000e\000r\000e\000o\000\040\000M\000i\000c\000r\000o\000s\000c\000o\000p\000e\000\040\000C\000a\000l\000i\000b\000r\000a\000t\000i\000o\000n}{section.2}% 4
\BOOKMARK [2][-]{subsection.2.3}{\376\377\000M\000o\000d\000e\000l\000\040\000S\000e\000l\000e\000c\000t\000i\000o\000n\000\040\000i\000n\000\040\000C\000a\000m\000e\000r\000a\000\040\000C\000a\000l\000i\000b\000r\000a\000t\000i\000o\000n}{section.2}% 5
\BOOKMARK [2][-]{subsection.2.4}{\376\377\000P\000l\000\374\000c\000k\000e\000r\000\040\000C\000o\000o\000r\000d\000i\000n\000a\000t\000e\000s\000\040\000a\000n\000d\000\040\000L\000i\000n\000e\000-\000B\000a\000s\000e\000d\000\040\000G\000e\000o\000m\000e\000t\000r\000y}{section.2}% 6
\BOOKMARK [2][-]{subsection.2.5}{\376\377\000R\000e\000s\000i\000d\000u\000a\000l\000-\000G\000u\000i\000d\000e\000d\000\040\000M\000o\000d\000e\000l\000\040\000C\000o\000n\000s\000t\000r\000u\000c\000t\000i\000o\000n}{section.2}% 7
\BOOKMARK [1][-]{section.3}{\376\377\000M\000e\000t\000h\000o\000d}{}% 8
\BOOKMARK [2][-]{subsection.3.1}{\376\377\000Z\000e\000r\000n\000i\000k\000e\000\040\000O\000r\000d\000e\000r\000\040\000S\000e\000l\000e\000c\000t\000i\000o\000n\000\040\000b\000y\000\040\000B\000I\000C}{section.3}% 9
\BOOKMARK [2][-]{subsection.3.2}{\376\377\000P\000e\000r\000-\000P\000i\000x\000e\000l\000\040\000R\000a\000y\000-\000F\000i\000e\000l\000d\000\040\000a\000n\000d\000\040\000T\000r\000a\000n\000s\000v\000e\000r\000s\000e\000\040\000G\000a\000u\000g\000e}{section.3}% 10
\BOOKMARK [2][-]{subsection.3.3}{\376\377\000R\000a\000y\000-\000S\000p\000a\000c\000e\000\040\000B\000u\000n\000d\000l\000e\000\040\000A\000d\000j\000u\000s\000t\000m\000e\000n\000t}{section.3}% 11
\BOOKMARK [2][-]{subsection.3.4}{\376\377\000T\000h\000e\000\040\000Z\000e\000r\000n\000i\000k\000e\000\040\000R\000a\000y\000f\000i\000e\000l\000d\000\040\000a\000s\000\040\000O\000b\000s\000e\000r\000v\000a\000b\000l\000e}{section.3}% 12
\BOOKMARK [2][-]{subsection.3.5}{\376\377\000P\000h\000y\000s\000i\000c\000a\000l\000\040\000M\000o\000d\000e\000l\000\040\000C\000o\000n\000s\000t\000r\000u\000c\000t\000i\000o\000n\000\040\000b\000y\000\040\000R\000e\000s\000i\000d\000u\000a\000l\000\040\000A\000n\000a\000l\000y\000s\000i\000s}{section.3}% 13
\BOOKMARK [3][-]{subsubsection.3.5.1}{\376\377\000P\000e\000r\000s\000p\000e\000c\000t\000i\000v\000e\000\040\000C\000M\000O\000\040\000\050\000B\000a\000s\000e\000l\000i\000n\000e\000\051}{subsection.3.5}% 14
\BOOKMARK [3][-]{subsubsection.3.5.2}{\376\377\000T\000e\000l\000e\000c\000e\000n\000t\000r\000i\000c\000\040\000C\000M\000O}{subsection.3.5}% 15
\BOOKMARK [3][-]{subsubsection.3.5.3}{\376\377\000R\000e\000s\000i\000d\000u\000a\000l\000\040\000A\000n\000a\000l\000y\000s\000i\000s}{subsection.3.5}% 16
\BOOKMARK [3][-]{subsubsection.3.5.4}{\376\377\000T\000e\000s\000t\000i\000n\000g\000\040\000A\000l\000t\000e\000r\000n\000a\000t\000i\000v\000e\000\040\000H\000y\000p\000o\000t\000h\000e\000s\000e\000s}{subsection.3.5}% 17
\BOOKMARK [3][-]{subsubsection.3.5.5}{\376\377\000R\000e\000s\000i\000d\000u\000a\000l\000-\000G\000u\000i\000d\000e\000d\000\040\000H\000y\000p\000o\000t\000h\000e\000s\000i\000s\000\040\000C\000o\000n\000s\000t\000r\000u\000c\000t\000i\000o\000n}{subsection.3.5}% 18
\BOOKMARK [3][-]{subsubsection.3.5.6}{\376\377\000P\000e\000r\000-\000C\000h\000a\000n\000n\000e\000l\000\040\000S\000E\000\050\0003\000\051\000\040\000A\000r\000m\000\040\000A\000l\000i\000g\000n\000m\000e\000n\000t}{subsection.3.5}% 19
\BOOKMARK [2][-]{subsection.3.6}{\376\377\000M\000o\000d\000e\000l\000\040\000S\000e\000l\000e\000c\000t\000i\000o\000n}{section.3}% 20
\BOOKMARK [2][-]{subsection.3.7}{\376\377\000W\000h\000y\000\040\000D\000i\000r\000e\000c\000t\000\040\000B\000u\000n\000d\000l\000e\000\040\000A\000d\000j\000u\000s\000t\000m\000e\000n\000t\000\040\000i\000s\000\040\000I\000l\000l\000-\000C\000o\000n\000d\000i\000t\000i\000o\000n\000e\000d\000\040\000f\000o\000r\000\040\000N\000o\000n\000-\000C\000e\000n\000t\000r\000a\000l\000\040\000O\000p\000t\000i\000c\000s}{section.3}% 21
\BOOKMARK [3][-]{subsubsection.3.7.1}{\376\377\000C\000o\000n\000d\000i\000t\000i\000o\000n\000i\000n\000g\000\040\000o\000f\000\040\000t\000h\000e\000\040\000J\000o\000i\000n\000t\000\040\000E\000s\000t\000i\000m\000a\000t\000i\000o\000n\000\040\000P\000r\000o\000b\000l\000e\000m}{subsection.3.7}% 22
\BOOKMARK [3][-]{subsubsection.3.7.2}{\376\377\000E\000m\000p\000i\000r\000i\000c\000a\000l\000\040\000C\000o\000u\000p\000l\000i\000n\000g\000\040\000V\000a\000l\000u\000e\000s}{subsection.3.7}% 23
\BOOKMARK [2][-]{subsection.3.8}{\376\377\000C\000o\000r\000n\000e\000r\000\040\000B\000u\000n\000d\000l\000e\000\040\000A\000d\000j\000u\000s\000t\000m\000e\000n\000t}{section.3}% 24
\BOOKMARK [2][-]{subsection.3.9}{\376\377\000S\000t\000a\000b\000i\000l\000i\000s\000i\000n\000g\000\040\000D\000i\000r\000e\000c\000t\000\040\000B\000A\000\040\000w\000i\000t\000h\000\040\000a\000\040\000S\000c\000h\000u\000r\000-\000C\000o\000m\000p\000l\000e\000m\000e\000n\000t\000\040\000P\000r\000i\000o\000r}{section.3}% 25
\BOOKMARK [3][-]{subsubsection.3.9.1}{\376\377\000S\000c\000h\000u\000r\000-\000E\000i\000g\000e\000n\000m\000o\000d\000e\000\040\000P\000r\000i\000o\000r}{subsection.3.9}% 26
\BOOKMARK [3][-]{subsubsection.3.9.2}{\376\377\000P\000r\000i\000o\000r\000\040\000S\000w\000e\000e\000p\000\040\000a\000n\000d\000\040\000C\000o\000m\000p\000a\000r\000i\000s\000o\000n\000\040\000w\000i\000t\000h\000\040\000T\000i\000k\000h\000o\000n\000o\000v\000\040\000B\000a\000s\000e\000l\000i\000n\000e}{subsection.3.9}% 27
\BOOKMARK [3][-]{subsubsection.3.9.3}{\376\377\000T\000h\000e\000\040\000D\000o\000u\000b\000l\000e\000\040\000R\000o\000l\000e\000\040\000o\000f\000\040\000t\000h\000e\000\040\000R\000a\000y\000f\000i\000e\000l\000d}{subsection.3.9}% 28
\BOOKMARK [1][-]{section.4}{\376\377\000R\000e\000s\000u\000l\000t\000s}{}% 29
\BOOKMARK [2][-]{subsection.4.1}{\376\377\000D\000a\000t\000a\000\040\000S\000o\000u\000r\000c\000e\000s}{section.4}% 30
\BOOKMARK [2][-]{subsection.4.2}{\376\377\000D\000a\000t\000a\000s\000e\000t\000\040\000a\000n\000d\000\040\000P\000i\000p\000e\000l\000i\000n\000e}{section.4}% 31
\BOOKMARK [2][-]{subsection.4.3}{\376\377\000P\000o\000s\000e\000\040\000C\000o\000u\000n\000t\000\040\000S\000e\000n\000s\000i\000t\000i\000v\000i\000t\000y}{section.4}% 32
\BOOKMARK [2][-]{subsection.4.4}{\376\377\000O\000p\000e\000n\000C\000V\000\040\000T\000u\000n\000i\000n\000g\000\040\000D\000o\000e\000s\000\040\000N\000o\000t\000\040\000R\000e\000c\000o\000v\000e\000r}{section.4}% 33
\BOOKMARK [2][-]{subsection.4.5}{\376\377\000G\000e\000o\000m\000e\000t\000r\000i\000c\000\040\000D\000e\000s\000c\000r\000i\000p\000t\000o\000r\000\040\000C\000o\000n\000s\000i\000s\000t\000e\000n\000c\000y}{section.4}% 34
\BOOKMARK [2][-]{subsection.4.6}{\376\377\000C\000o\000m\000p\000a\000r\000i\000s\000o\000n\000\040\000w\000i\000t\000h\000\040\000t\000h\000e\000\040\000S\000o\000l\000o\000f\000f\000\040\000P\000o\000l\000y\000n\000o\000m\000i\000a\000l\000\040\000B\000a\000s\000e\000l\000i\000n\000e}{section.4}% 35
\BOOKMARK [3][-]{subsubsection.4.6.1}{\376\377\000E\000x\000t\000r\000a\000p\000o\000l\000a\000t\000i\000o\000n\000\040\000t\000o\000\040\000H\000e\000l\000d\000-\000O\000u\000t\000\040\000P\000o\000s\000e\000s}{subsection.4.6}% 36
\BOOKMARK [2][-]{subsection.4.7}{\376\377\000I\000n\000t\000e\000r\000n\000a\000l\000\040\000V\000a\000l\000i\000d\000a\000t\000i\000o\000n}{section.4}% 37
\BOOKMARK [2][-]{subsection.4.8}{\376\377\000A\000p\000p\000l\000i\000c\000a\000t\000i\000o\000n\000\040\000S\000a\000n\000i\000t\000y\000\040\000C\000h\000e\000c\000k\000:\000\040\000S\000p\000e\000c\000i\000m\000e\000n\000\040\000R\000e\000c\000o\000n\000s\000t\000r\000u\000c\000t\000i\000o\000n}{section.4}% 38
\BOOKMARK [2][-]{subsection.4.9}{\376\377\000M\000o\000d\000e\000l\000\040\000P\000e\000r\000f\000o\000r\000m\000a\000n\000c\000e}{section.4}% 39
\BOOKMARK [2][-]{subsection.4.10}{\376\377\000B\000I\000C\000\040\000M\000o\000d\000e\000l\000\040\000S\000e\000l\000e\000c\000t\000i\000o\000n}{section.4}% 40
\BOOKMARK [2][-]{subsection.4.11}{\376\377\000G\000e\000o\000m\000e\000t\000r\000i\000c\000\040\000D\000e\000s\000c\000r\000i\000p\000t\000o\000r\000s}{section.4}% 41
\BOOKMARK [2][-]{subsection.4.12}{\376\377\000S\000E\000\050\0003\000\051\000\040\000A\000b\000l\000a\000t\000i\000o\000n}{section.4}% 42
\BOOKMARK [1][-]{section.5}{\376\377\000D\000i\000s\000c\000u\000s\000s\000i\000o\000n}{}% 43
\BOOKMARK [2][-]{subsection.5.1}{\376\377\000T\000h\000e\000\040\000R\000a\000y\000f\000i\000e\000l\000d\000\040\000a\000s\000\040\000D\000i\000a\000g\000n\000o\000s\000t\000i\000c\000\040\000I\000n\000s\000t\000r\000u\000m\000e\000n\000t}{section.5}% 44
\BOOKMARK [2][-]{subsection.5.2}{\376\377\000L\000i\000m\000i\000t\000a\000t\000i\000o\000n\000s}{section.5}% 45
\BOOKMARK [2][-]{subsection.5.3}{\376\377\000G\000e\000n\000e\000r\000a\000l\000i\000s\000a\000b\000i\000l\000i\000t\000y}{section.5}% 46
\BOOKMARK [2][-]{subsection.5.4}{\376\377\000W\000h\000y\000\040\000t\000h\000e\000\040\000T\000w\000o\000-\000S\000t\000a\000g\000e\000\040\000D\000e\000c\000o\000m\000p\000o\000s\000i\000t\000i\000o\000n\000\040\000W\000o\000r\000k\000s}{section.5}% 47
\BOOKMARK [1][-]{section.6}{\376\377\000C\000o\000n\000c\000l\000u\000s\000i\000o\000n}{}% 48
\BOOKMARK [1][-]{appendix.A}{\376\377\000N\000u\000m\000e\000r\000i\000c\000a\000l\000\040\000R\000e\000p\000r\000o\000j\000e\000c\000t\000i\000o\000n\000\040\000f\000o\000r\000\040\000t\000h\000e\000\040\000C\000M\000O\000\040\000M\000o\000d\000e\000l}{}% 49
